// Jest Snapshot v1, https://goo.gl/fbAQLP

exports[`<Footer /> rendering follows the snapshot 1`] = `
<p>
  Â©2019 Code Fellows
</p>
`;
